eeschema (2011-05-25)-stable  >> Creation date: Thu 31 Oct 2013 03:48:51 PM EDT

#Cmp ( order = Reference )
| C1         0.1uF       
| C2         0.1uF       
| C3         10uF        
| C4         10uF        
| C5         2.2uF       
| C6         2.2uF       
| C7         0.1uF       
| C8         10uF        
| C9         1uF         
| C10        1uF         
| C11        1uF         
| C12        1uF         
| C13        1uF         
| D1         LED         
| D2         LED         
| D3         LED         
| D4         LED         
| D5         LED         
| D6         LED         
| D7         LED         
| D8         LED         
| D9         LED         
| D10        DIODE       
| D11        DIODE       
| D12        DIODE       
| D13        DIODE       
| D14        DIODE       
| D15        DIODE       
| D16        DIODE       
| D17        DIODE       
| K1         3PIN_A0     
| K2         3PIN_A1     
| K3         3PIN_A2     
| K4         3PIN_A3     
| K5         DISPLAY     
| P1         +24VDC      
| P2         RELAY0      
| P3         RELAY1      
| P4         RELAY2      
| P5         RELAY3      
| P6         RELAY4      
| P7         RELAY5      
| P8         RELAY6      
| P9         RELAY7      
| P10        RJ45_DOUBLE 
| P11        BNC_A0      
| P12        BNC_A1      
| R1         1.96k       
| REG1       CONV_DC_DC  
| RP1        R_PACK8_2.2k
| SHIELD1    ARDUINO_MEGA_SHIELD_FULL
| U1         TLE723X     
| U2         MAX232      
#End Cmp

#Cmp ( order = Value )
| +24VDC       P1        
| 0.1uF        C1        
| 0.1uF        C2        
| 0.1uF        C7        
| 1.96k        R1        
| 10uF         C3        
| 10uF         C4        
| 10uF         C8        
| 1uF          C9        
| 1uF          C10       
| 1uF          C11       
| 1uF          C12       
| 1uF          C13       
| 2.2uF        C5        
| 2.2uF        C6        
| 3PIN_A0      K1        
| 3PIN_A1      K2        
| 3PIN_A2      K3        
| 3PIN_A3      K4        
| ARDUINO_MEGA_SHIELD_FULL SHIELD1   
| BNC_A0       P11       
| BNC_A1       P12       
| CONV_DC_DC   REG1      
| DIODE        D10       
| DIODE        D11       
| DIODE        D12       
| DIODE        D13       
| DIODE        D14       
| DIODE        D15       
| DIODE        D16       
| DIODE        D17       
| DISPLAY      K5        
| LED          D1        
| LED          D2        
| LED          D3        
| LED          D4        
| LED          D5        
| LED          D6        
| LED          D7        
| LED          D8        
| LED          D9        
| MAX232       U2        
| R_PACK8_2.2k RP1       
| RELAY0       P2        
| RELAY1       P3        
| RELAY2       P4        
| RELAY3       P5        
| RELAY4       P6        
| RELAY5       P7        
| RELAY6       P8        
| RELAY7       P9        
| RJ45_DOUBLE  P10       
| TLE723X      U1        
#End Cmp

#End List
